[0.526s] Invoking command in '/home/gardentech/Gunsan_ws/src/gunsan_drive': PYTHONPATH=/home/gardentech/Gunsan_ws/build/gunsan_drive/prefix_override:/usr/lib/python3/dist-packages/colcon_core/task/python/colcon_distutils_commands:/home/gardentech/Gunsan_ws/install/gunsan_drive/lib/python3.10/site-packages:${PYTHONPATH} /usr/bin/python3 -W ignore:setup.py install is deprecated -W ignore:easy_install command is deprecated setup.py egg_info --egg-base ../../build/gunsan_drive build --build-base /home/gardentech/Gunsan_ws/build/gunsan_drive/build install --record /home/gardentech/Gunsan_ws/build/gunsan_drive/install.log --single-version-externally-managed install_data
[0.674s] running egg_info
[0.674s] writing ../../build/gunsan_drive/gunsan_drive.egg-info/PKG-INFO
[0.674s] writing dependency_links to ../../build/gunsan_drive/gunsan_drive.egg-info/dependency_links.txt
[0.674s] writing entry points to ../../build/gunsan_drive/gunsan_drive.egg-info/entry_points.txt
[0.674s] writing requirements to ../../build/gunsan_drive/gunsan_drive.egg-info/requires.txt
[0.675s] writing top-level names to ../../build/gunsan_drive/gunsan_drive.egg-info/top_level.txt
[0.675s] reading manifest file '../../build/gunsan_drive/gunsan_drive.egg-info/SOURCES.txt'
[0.676s] writing manifest file '../../build/gunsan_drive/gunsan_drive.egg-info/SOURCES.txt'
[0.676s] running build
[0.676s] running build_py
[0.676s] running install
[0.676s] running install_lib
[0.677s] running install_data
[0.677s] copying launch/steering_test.launch.py -> /home/gardentech/Gunsan_ws/install/gunsan_drive/share/gunsan_drive/launch
[0.677s] running install_egg_info
[0.678s] removing '/home/gardentech/Gunsan_ws/install/gunsan_drive/lib/python3.10/site-packages/gunsan_drive-0.1.0-py3.10.egg-info' (and everything under it)
[0.678s] Copying ../../build/gunsan_drive/gunsan_drive.egg-info to /home/gardentech/Gunsan_ws/install/gunsan_drive/lib/python3.10/site-packages/gunsan_drive-0.1.0-py3.10.egg-info
[0.679s] running install_scripts
[0.692s] Installing lane_detector script to /home/gardentech/Gunsan_ws/install/gunsan_drive/lib/gunsan_drive
[0.692s] Installing steering_controller script to /home/gardentech/Gunsan_ws/install/gunsan_drive/lib/gunsan_drive
[0.692s] writing list of installed files to '/home/gardentech/Gunsan_ws/build/gunsan_drive/install.log'
[0.707s] Invoked command in '/home/gardentech/Gunsan_ws/src/gunsan_drive' returned '0': PYTHONPATH=/home/gardentech/Gunsan_ws/build/gunsan_drive/prefix_override:/usr/lib/python3/dist-packages/colcon_core/task/python/colcon_distutils_commands:/home/gardentech/Gunsan_ws/install/gunsan_drive/lib/python3.10/site-packages:${PYTHONPATH} /usr/bin/python3 -W ignore:setup.py install is deprecated -W ignore:easy_install command is deprecated setup.py egg_info --egg-base ../../build/gunsan_drive build --build-base /home/gardentech/Gunsan_ws/build/gunsan_drive/build install --record /home/gardentech/Gunsan_ws/build/gunsan_drive/install.log --single-version-externally-managed install_data
