[0.378s] Invoking command in '/home/gardentech/Drive_ws/build/motor_driver': PYTHONPATH=/home/gardentech/Drive_ws/build/motor_driver/prefix_override:/usr/lib/python3/dist-packages/colcon_core/task/python/colcon_distutils_commands:/home/gardentech/Drive_ws/install/motor_driver/lib/python3.10/site-packages:${PYTHONPATH} /usr/bin/python3 -W ignore:setup.py install is deprecated -W ignore:easy_install command is deprecated setup.py develop --editable --build-directory /home/gardentech/Drive_ws/build/motor_driver/build --no-deps symlink_data
[0.547s] running develop
[0.654s] running egg_info
[0.655s] creating motor_driver.egg-info
[0.655s] writing motor_driver.egg-info/PKG-INFO
[0.655s] writing dependency_links to motor_driver.egg-info/dependency_links.txt
[0.655s] writing entry points to motor_driver.egg-info/entry_points.txt
[0.655s] writing requirements to motor_driver.egg-info/requires.txt
[0.655s] writing top-level names to motor_driver.egg-info/top_level.txt
[0.655s] writing manifest file 'motor_driver.egg-info/SOURCES.txt'
[0.656s] reading manifest file 'motor_driver.egg-info/SOURCES.txt'
[0.656s] writing manifest file 'motor_driver.egg-info/SOURCES.txt'
[0.657s] running build_ext
[0.657s] Creating /home/gardentech/Drive_ws/install/motor_driver/lib/python3.10/site-packages/motor-driver.egg-link (link to .)
[0.658s] Installing motor_driver_node script to /home/gardentech/Drive_ws/install/motor_driver/lib/motor_driver
[0.658s] 
[0.658s] Installed /home/gardentech/Drive_ws/build/motor_driver
[0.658s] running symlink_data
[0.658s] creating /home/gardentech/Drive_ws/install/motor_driver/share/ament_index
[0.658s] creating /home/gardentech/Drive_ws/install/motor_driver/share/ament_index/resource_index
[0.658s] creating /home/gardentech/Drive_ws/install/motor_driver/share/ament_index/resource_index/packages
[0.658s] symbolically linking /home/gardentech/Drive_ws/build/motor_driver/resource/motor_driver -> /home/gardentech/Drive_ws/install/motor_driver/share/ament_index/resource_index/packages
[0.658s] symbolically linking /home/gardentech/Drive_ws/build/motor_driver/package.xml -> /home/gardentech/Drive_ws/install/motor_driver/share/motor_driver
[0.672s] Invoked command in '/home/gardentech/Drive_ws/build/motor_driver' returned '0': PYTHONPATH=/home/gardentech/Drive_ws/build/motor_driver/prefix_override:/usr/lib/python3/dist-packages/colcon_core/task/python/colcon_distutils_commands:/home/gardentech/Drive_ws/install/motor_driver/lib/python3.10/site-packages:${PYTHONPATH} /usr/bin/python3 -W ignore:setup.py install is deprecated -W ignore:easy_install command is deprecated setup.py develop --editable --build-directory /home/gardentech/Drive_ws/build/motor_driver/build --no-deps symlink_data
