[0.421s] Invoking command in '/home/gardentech/Gunsan_ws/src/gunsan_drive': PYTHONPATH=/home/gardentech/Gunsan_ws/build/gunsan_drive/prefix_override:/usr/lib/python3/dist-packages/colcon_core/task/python/colcon_distutils_commands:/home/gardentech/Gunsan_ws/install/gunsan_drive/lib/python3.10/site-packages:${PYTHONPATH} /usr/bin/python3 -W ignore:setup.py install is deprecated -W ignore:easy_install command is deprecated setup.py egg_info --egg-base ../../build/gunsan_drive build --build-base /home/gardentech/Gunsan_ws/build/gunsan_drive/build install --record /home/gardentech/Gunsan_ws/build/gunsan_drive/install.log --single-version-externally-managed install_data
[0.570s] running egg_info
[0.570s] writing ../../build/gunsan_drive/gunsan_drive.egg-info/PKG-INFO
[0.571s] writing dependency_links to ../../build/gunsan_drive/gunsan_drive.egg-info/dependency_links.txt
[0.571s] writing entry points to ../../build/gunsan_drive/gunsan_drive.egg-info/entry_points.txt
[0.571s] writing requirements to ../../build/gunsan_drive/gunsan_drive.egg-info/requires.txt
[0.571s] writing top-level names to ../../build/gunsan_drive/gunsan_drive.egg-info/top_level.txt
[0.572s] reading manifest file '../../build/gunsan_drive/gunsan_drive.egg-info/SOURCES.txt'
[0.579s] writing manifest file '../../build/gunsan_drive/gunsan_drive.egg-info/SOURCES.txt'
[0.579s] running build
[0.579s] running build_py
[0.579s] copying gunsan_drive/lane_detector_node.py -> /home/gardentech/Gunsan_ws/build/gunsan_drive/build/lib/gunsan_drive
[0.579s] running install
[0.580s] running install_lib
[0.580s] copying /home/gardentech/Gunsan_ws/build/gunsan_drive/build/lib/gunsan_drive/lane_detector_node.py -> /home/gardentech/Gunsan_ws/install/gunsan_drive/lib/python3.10/site-packages/gunsan_drive
[0.580s] byte-compiling /home/gardentech/Gunsan_ws/install/gunsan_drive/lib/python3.10/site-packages/gunsan_drive/lane_detector_node.py to lane_detector_node.cpython-310.pyc
[0.582s] running install_data
[0.582s] running install_egg_info
[0.583s] removing '/home/gardentech/Gunsan_ws/install/gunsan_drive/lib/python3.10/site-packages/gunsan_drive-0.1.0-py3.10.egg-info' (and everything under it)
[0.583s] Copying ../../build/gunsan_drive/gunsan_drive.egg-info to /home/gardentech/Gunsan_ws/install/gunsan_drive/lib/python3.10/site-packages/gunsan_drive-0.1.0-py3.10.egg-info
[0.584s] running install_scripts
[0.596s] Installing lane_detector script to /home/gardentech/Gunsan_ws/install/gunsan_drive/lib/gunsan_drive
[0.596s] writing list of installed files to '/home/gardentech/Gunsan_ws/build/gunsan_drive/install.log'
[0.608s] Invoked command in '/home/gardentech/Gunsan_ws/src/gunsan_drive' returned '0': PYTHONPATH=/home/gardentech/Gunsan_ws/build/gunsan_drive/prefix_override:/usr/lib/python3/dist-packages/colcon_core/task/python/colcon_distutils_commands:/home/gardentech/Gunsan_ws/install/gunsan_drive/lib/python3.10/site-packages:${PYTHONPATH} /usr/bin/python3 -W ignore:setup.py install is deprecated -W ignore:easy_install command is deprecated setup.py egg_info --egg-base ../../build/gunsan_drive build --build-base /home/gardentech/Gunsan_ws/build/gunsan_drive/build install --record /home/gardentech/Gunsan_ws/build/gunsan_drive/install.log --single-version-externally-managed install_data
