[0.491s] Invoking command in '/home/gardentech/Gunsan_ws/src/motor_driver': PYTHONPATH=/home/gardentech/Gunsan_ws/build/motor_driver/prefix_override:/usr/lib/python3/dist-packages/colcon_core/task/python/colcon_distutils_commands:/home/gardentech/Gunsan_ws/install/motor_driver/lib/python3.10/site-packages:${PYTHONPATH} /usr/bin/python3 -W ignore:setup.py install is deprecated -W ignore:easy_install command is deprecated setup.py egg_info --egg-base ../../../Gunsan_ws/build/motor_driver build --build-base /home/gardentech/Gunsan_ws/build/motor_driver/build install --record /home/gardentech/Gunsan_ws/build/motor_driver/install.log --single-version-externally-managed install_data
[0.691s] running egg_info
[0.691s] writing ../../../Gunsan_ws/build/motor_driver/motor_driver.egg-info/PKG-INFO
[0.692s] writing dependency_links to ../../../Gunsan_ws/build/motor_driver/motor_driver.egg-info/dependency_links.txt
[0.692s] writing entry points to ../../../Gunsan_ws/build/motor_driver/motor_driver.egg-info/entry_points.txt
[0.692s] writing requirements to ../../../Gunsan_ws/build/motor_driver/motor_driver.egg-info/requires.txt
[0.692s] writing top-level names to ../../../Gunsan_ws/build/motor_driver/motor_driver.egg-info/top_level.txt
[0.693s] reading manifest file '../../../Gunsan_ws/build/motor_driver/motor_driver.egg-info/SOURCES.txt'
[0.694s] writing manifest file '../../../Gunsan_ws/build/motor_driver/motor_driver.egg-info/SOURCES.txt'
[0.694s] running build
[0.694s] running build_py
[0.694s] running install
[0.694s] running install_lib
[0.695s] running install_data
[0.695s] running install_egg_info
[0.696s] removing '/home/gardentech/Gunsan_ws/install/motor_driver/lib/python3.10/site-packages/motor_driver-0.1.0-py3.10.egg-info' (and everything under it)
[0.696s] Copying ../../../Gunsan_ws/build/motor_driver/motor_driver.egg-info to /home/gardentech/Gunsan_ws/install/motor_driver/lib/python3.10/site-packages/motor_driver-0.1.0-py3.10.egg-info
[0.697s] running install_scripts
[0.714s] Installing motor_driver_node script to /home/gardentech/Gunsan_ws/install/motor_driver/lib/motor_driver
[0.714s] writing list of installed files to '/home/gardentech/Gunsan_ws/build/motor_driver/install.log'
[0.732s] Invoked command in '/home/gardentech/Gunsan_ws/src/motor_driver' returned '0': PYTHONPATH=/home/gardentech/Gunsan_ws/build/motor_driver/prefix_override:/usr/lib/python3/dist-packages/colcon_core/task/python/colcon_distutils_commands:/home/gardentech/Gunsan_ws/install/motor_driver/lib/python3.10/site-packages:${PYTHONPATH} /usr/bin/python3 -W ignore:setup.py install is deprecated -W ignore:easy_install command is deprecated setup.py egg_info --egg-base ../../../Gunsan_ws/build/motor_driver build --build-base /home/gardentech/Gunsan_ws/build/motor_driver/build install --record /home/gardentech/Gunsan_ws/build/motor_driver/install.log --single-version-externally-managed install_data
