[0.835s] Invoking command in '/home/gardentech/Gunsan_ws/src/gunsan_drive': PYTHONPATH=/home/gardentech/Gunsan_ws/build/gunsan_drive/prefix_override:/usr/lib/python3/dist-packages/colcon_core/task/python/colcon_distutils_commands:/home/gardentech/Gunsan_ws/install/gunsan_drive/lib/python3.10/site-packages:${PYTHONPATH} /usr/bin/python3 -W ignore:setup.py install is deprecated -W ignore:easy_install command is deprecated setup.py egg_info --egg-base ../../build/gunsan_drive build --build-base /home/gardentech/Gunsan_ws/build/gunsan_drive/build install --record /home/gardentech/Gunsan_ws/build/gunsan_drive/install.log --single-version-externally-managed install_data
[1.151s] running egg_info
[1.153s] writing ../../build/gunsan_drive/gunsan_drive.egg-info/PKG-INFO
[1.153s] writing dependency_links to ../../build/gunsan_drive/gunsan_drive.egg-info/dependency_links.txt
[1.153s] writing entry points to ../../build/gunsan_drive/gunsan_drive.egg-info/entry_points.txt
[1.153s] writing requirements to ../../build/gunsan_drive/gunsan_drive.egg-info/requires.txt
[1.153s] writing top-level names to ../../build/gunsan_drive/gunsan_drive.egg-info/top_level.txt
[1.156s] reading manifest file '../../build/gunsan_drive/gunsan_drive.egg-info/SOURCES.txt'
[1.157s] writing manifest file '../../build/gunsan_drive/gunsan_drive.egg-info/SOURCES.txt'
[1.158s] running build
[1.158s] running build_py
[1.158s] copying gunsan_drive/lane_detector_node.py -> /home/gardentech/Gunsan_ws/build/gunsan_drive/build/lib/gunsan_drive
[1.159s] running install
[1.159s] running install_lib
[1.161s] copying /home/gardentech/Gunsan_ws/build/gunsan_drive/build/lib/gunsan_drive/lane_detector_node.py -> /home/gardentech/Gunsan_ws/install/gunsan_drive/lib/python3.10/site-packages/gunsan_drive
[1.161s] byte-compiling /home/gardentech/Gunsan_ws/install/gunsan_drive/lib/python3.10/site-packages/gunsan_drive/lane_detector_node.py to lane_detector_node.cpython-310.pyc
[1.165s] running install_data
[1.166s] running install_egg_info
[1.167s] removing '/home/gardentech/Gunsan_ws/install/gunsan_drive/lib/python3.10/site-packages/gunsan_drive-0.1.0-py3.10.egg-info' (and everything under it)
[1.168s] Copying ../../build/gunsan_drive/gunsan_drive.egg-info to /home/gardentech/Gunsan_ws/install/gunsan_drive/lib/python3.10/site-packages/gunsan_drive-0.1.0-py3.10.egg-info
[1.169s] running install_scripts
[1.198s] Installing lane_detector script to /home/gardentech/Gunsan_ws/install/gunsan_drive/lib/gunsan_drive
[1.198s] writing list of installed files to '/home/gardentech/Gunsan_ws/build/gunsan_drive/install.log'
[1.239s] Invoked command in '/home/gardentech/Gunsan_ws/src/gunsan_drive' returned '0': PYTHONPATH=/home/gardentech/Gunsan_ws/build/gunsan_drive/prefix_override:/usr/lib/python3/dist-packages/colcon_core/task/python/colcon_distutils_commands:/home/gardentech/Gunsan_ws/install/gunsan_drive/lib/python3.10/site-packages:${PYTHONPATH} /usr/bin/python3 -W ignore:setup.py install is deprecated -W ignore:easy_install command is deprecated setup.py egg_info --egg-base ../../build/gunsan_drive build --build-base /home/gardentech/Gunsan_ws/build/gunsan_drive/build install --record /home/gardentech/Gunsan_ws/build/gunsan_drive/install.log --single-version-externally-managed install_data
