running develop
Removing /home/gardentech/Gunsan_ws/install/gunsan_drive/lib/python3.10/site-packages/gunsan-drive.egg-link (link to .)
running egg_info
writing ../../build/gunsan_drive/gunsan_drive.egg-info/PKG-INFO
writing dependency_links to ../../build/gunsan_drive/gunsan_drive.egg-info/dependency_links.txt
writing entry points to ../../build/gunsan_drive/gunsan_drive.egg-info/entry_points.txt
writing requirements to ../../build/gunsan_drive/gunsan_drive.egg-info/requires.txt
writing top-level names to ../../build/gunsan_drive/gunsan_drive.egg-info/top_level.txt
reading manifest file '../../build/gunsan_drive/gunsan_drive.egg-info/SOURCES.txt'
writing manifest file '../../build/gunsan_drive/gunsan_drive.egg-info/SOURCES.txt'
running build
running build_py
copying gunsan_drive/lane_detector_node.py -> /home/gardentech/Gunsan_ws/build/gunsan_drive/build/lib/gunsan_drive
copying gunsan_drive/steering_controller_node.py -> /home/gardentech/Gunsan_ws/build/gunsan_drive/build/lib/gunsan_drive
running install
running install_lib
creating /home/gardentech/Gunsan_ws/install/gunsan_drive/lib/python3.10/site-packages/gunsan_drive
copying /home/gardentech/Gunsan_ws/build/gunsan_drive/build/lib/gunsan_drive/lane_detector_node.py -> /home/gardentech/Gunsan_ws/install/gunsan_drive/lib/python3.10/site-packages/gunsan_drive
copying /home/gardentech/Gunsan_ws/build/gunsan_drive/build/lib/gunsan_drive/steering_controller_node.py -> /home/gardentech/Gunsan_ws/install/gunsan_drive/lib/python3.10/site-packages/gunsan_drive
copying /home/gardentech/Gunsan_ws/build/gunsan_drive/build/lib/gunsan_drive/__init__.py -> /home/gardentech/Gunsan_ws/install/gunsan_drive/lib/python3.10/site-packages/gunsan_drive
byte-compiling /home/gardentech/Gunsan_ws/install/gunsan_drive/lib/python3.10/site-packages/gunsan_drive/lane_detector_node.py to lane_detector_node.cpython-310.pyc
byte-compiling /home/gardentech/Gunsan_ws/install/gunsan_drive/lib/python3.10/site-packages/gunsan_drive/steering_controller_node.py to steering_controller_node.cpython-310.pyc
byte-compiling /home/gardentech/Gunsan_ws/install/gunsan_drive/lib/python3.10/site-packages/gunsan_drive/__init__.py to __init__.cpython-310.pyc
running install_data
copying resource/gunsan_drive -> /home/gardentech/Gunsan_ws/install/gunsan_drive/share/ament_index/resource_index/packages
copying package.xml -> /home/gardentech/Gunsan_ws/install/gunsan_drive/share/gunsan_drive
copying config/camera5_info.yaml -> /home/gardentech/Gunsan_ws/install/gunsan_drive/share/gunsan_drive/config
copying config/camera6_info.yaml -> /home/gardentech/Gunsan_ws/install/gunsan_drive/share/gunsan_drive/config
copying config/camera6_params.yaml -> /home/gardentech/Gunsan_ws/install/gunsan_drive/share/gunsan_drive/config
copying config/camera5_params.yaml -> /home/gardentech/Gunsan_ws/install/gunsan_drive/share/gunsan_drive/config
copying launch/lane_detection.launch.py -> /home/gardentech/Gunsan_ws/install/gunsan_drive/share/gunsan_drive/launch
copying launch/steering_test.launch.py -> /home/gardentech/Gunsan_ws/install/gunsan_drive/share/gunsan_drive/launch
copying launch/cameras.launch.py -> /home/gardentech/Gunsan_ws/install/gunsan_drive/share/gunsan_drive/launch
running install_egg_info
Copying ../../build/gunsan_drive/gunsan_drive.egg-info to /home/gardentech/Gunsan_ws/install/gunsan_drive/lib/python3.10/site-packages/gunsan_drive-0.1.0-py3.10.egg-info
running install_scripts
Installing lane_detector script to /home/gardentech/Gunsan_ws/install/gunsan_drive/lib/gunsan_drive
Installing steering_controller script to /home/gardentech/Gunsan_ws/install/gunsan_drive/lib/gunsan_drive
writing list of installed files to '/home/gardentech/Gunsan_ws/build/gunsan_drive/install.log'
