[0.894s] Invoking command in '/home/gardentech/Gunsan_ws/build/gunsan_drive': PYTHONPATH=/home/gardentech/Gunsan_ws/build/gunsan_drive/prefix_override:/usr/lib/python3/dist-packages/colcon_core/task/python/colcon_distutils_commands:/home/gardentech/Gunsan_ws/install/gunsan_drive/lib/python3.10/site-packages:${PYTHONPATH} /usr/bin/python3 -W ignore:setup.py install is deprecated -W ignore:easy_install command is deprecated setup.py develop --uninstall --editable --build-directory /home/gardentech/Gunsan_ws/build/gunsan_drive/build
[1.151s] running develop
[1.324s] Removing /home/gardentech/Gunsan_ws/install/gunsan_drive/lib/python3.10/site-packages/gunsan-drive.egg-link (link to .)
[1.373s] Invoked command in '/home/gardentech/Gunsan_ws/build/gunsan_drive' returned '0': PYTHONPATH=/home/gardentech/Gunsan_ws/build/gunsan_drive/prefix_override:/usr/lib/python3/dist-packages/colcon_core/task/python/colcon_distutils_commands:/home/gardentech/Gunsan_ws/install/gunsan_drive/lib/python3.10/site-packages:${PYTHONPATH} /usr/bin/python3 -W ignore:setup.py install is deprecated -W ignore:easy_install command is deprecated setup.py develop --uninstall --editable --build-directory /home/gardentech/Gunsan_ws/build/gunsan_drive/build
[1.374s] Invoking command in '/home/gardentech/Gunsan_ws/src/gunsan_drive': PYTHONPATH=/home/gardentech/Gunsan_ws/build/gunsan_drive/prefix_override:/usr/lib/python3/dist-packages/colcon_core/task/python/colcon_distutils_commands:/home/gardentech/Gunsan_ws/install/gunsan_drive/lib/python3.10/site-packages:${PYTHONPATH} /usr/bin/python3 -W ignore:setup.py install is deprecated -W ignore:easy_install command is deprecated setup.py egg_info --egg-base ../../build/gunsan_drive build --build-base /home/gardentech/Gunsan_ws/build/gunsan_drive/build install --record /home/gardentech/Gunsan_ws/build/gunsan_drive/install.log --single-version-externally-managed install_data --force
[1.633s] running egg_info
[1.633s] writing ../../build/gunsan_drive/gunsan_drive.egg-info/PKG-INFO
[1.634s] writing dependency_links to ../../build/gunsan_drive/gunsan_drive.egg-info/dependency_links.txt
[1.634s] writing entry points to ../../build/gunsan_drive/gunsan_drive.egg-info/entry_points.txt
[1.636s] writing requirements to ../../build/gunsan_drive/gunsan_drive.egg-info/requires.txt
[1.636s] writing top-level names to ../../build/gunsan_drive/gunsan_drive.egg-info/top_level.txt
[1.636s] reading manifest file '../../build/gunsan_drive/gunsan_drive.egg-info/SOURCES.txt'
[1.637s] writing manifest file '../../build/gunsan_drive/gunsan_drive.egg-info/SOURCES.txt'
[1.637s] running build
[1.638s] running build_py
[1.638s] copying gunsan_drive/lane_detector_node.py -> /home/gardentech/Gunsan_ws/build/gunsan_drive/build/lib/gunsan_drive
[1.638s] copying gunsan_drive/steering_controller_node.py -> /home/gardentech/Gunsan_ws/build/gunsan_drive/build/lib/gunsan_drive
[1.639s] running install
[1.639s] running install_lib
[1.639s] creating /home/gardentech/Gunsan_ws/install/gunsan_drive/lib/python3.10/site-packages/gunsan_drive
[1.640s] copying /home/gardentech/Gunsan_ws/build/gunsan_drive/build/lib/gunsan_drive/lane_detector_node.py -> /home/gardentech/Gunsan_ws/install/gunsan_drive/lib/python3.10/site-packages/gunsan_drive
[1.640s] copying /home/gardentech/Gunsan_ws/build/gunsan_drive/build/lib/gunsan_drive/steering_controller_node.py -> /home/gardentech/Gunsan_ws/install/gunsan_drive/lib/python3.10/site-packages/gunsan_drive
[1.640s] copying /home/gardentech/Gunsan_ws/build/gunsan_drive/build/lib/gunsan_drive/__init__.py -> /home/gardentech/Gunsan_ws/install/gunsan_drive/lib/python3.10/site-packages/gunsan_drive
[1.640s] byte-compiling /home/gardentech/Gunsan_ws/install/gunsan_drive/lib/python3.10/site-packages/gunsan_drive/lane_detector_node.py to lane_detector_node.cpython-310.pyc
[1.643s] byte-compiling /home/gardentech/Gunsan_ws/install/gunsan_drive/lib/python3.10/site-packages/gunsan_drive/steering_controller_node.py to steering_controller_node.cpython-310.pyc
[1.644s] byte-compiling /home/gardentech/Gunsan_ws/install/gunsan_drive/lib/python3.10/site-packages/gunsan_drive/__init__.py to __init__.cpython-310.pyc
[1.644s] running install_data
[1.644s] copying resource/gunsan_drive -> /home/gardentech/Gunsan_ws/install/gunsan_drive/share/ament_index/resource_index/packages
[1.644s] copying package.xml -> /home/gardentech/Gunsan_ws/install/gunsan_drive/share/gunsan_drive
[1.644s] copying config/camera5_info.yaml -> /home/gardentech/Gunsan_ws/install/gunsan_drive/share/gunsan_drive/config
[1.644s] copying config/camera6_info.yaml -> /home/gardentech/Gunsan_ws/install/gunsan_drive/share/gunsan_drive/config
[1.644s] copying config/camera6_params.yaml -> /home/gardentech/Gunsan_ws/install/gunsan_drive/share/gunsan_drive/config
[1.644s] copying config/camera5_params.yaml -> /home/gardentech/Gunsan_ws/install/gunsan_drive/share/gunsan_drive/config
[1.644s] copying launch/lane_detection.launch.py -> /home/gardentech/Gunsan_ws/install/gunsan_drive/share/gunsan_drive/launch
[1.644s] copying launch/steering_test.launch.py -> /home/gardentech/Gunsan_ws/install/gunsan_drive/share/gunsan_drive/launch
[1.644s] copying launch/cameras.launch.py -> /home/gardentech/Gunsan_ws/install/gunsan_drive/share/gunsan_drive/launch
[1.644s] running install_egg_info
[1.646s] Copying ../../build/gunsan_drive/gunsan_drive.egg-info to /home/gardentech/Gunsan_ws/install/gunsan_drive/lib/python3.10/site-packages/gunsan_drive-0.1.0-py3.10.egg-info
[1.647s] running install_scripts
[1.668s] Installing lane_detector script to /home/gardentech/Gunsan_ws/install/gunsan_drive/lib/gunsan_drive
[1.668s] Installing steering_controller script to /home/gardentech/Gunsan_ws/install/gunsan_drive/lib/gunsan_drive
[1.668s] writing list of installed files to '/home/gardentech/Gunsan_ws/build/gunsan_drive/install.log'
[1.691s] Invoked command in '/home/gardentech/Gunsan_ws/src/gunsan_drive' returned '0': PYTHONPATH=/home/gardentech/Gunsan_ws/build/gunsan_drive/prefix_override:/usr/lib/python3/dist-packages/colcon_core/task/python/colcon_distutils_commands:/home/gardentech/Gunsan_ws/install/gunsan_drive/lib/python3.10/site-packages:${PYTHONPATH} /usr/bin/python3 -W ignore:setup.py install is deprecated -W ignore:easy_install command is deprecated setup.py egg_info --egg-base ../../build/gunsan_drive build --build-base /home/gardentech/Gunsan_ws/build/gunsan_drive/build install --record /home/gardentech/Gunsan_ws/build/gunsan_drive/install.log --single-version-externally-managed install_data --force
