[0.067s] DEBUG:colcon:Command line arguments: ['/usr/bin/colcon', 'build', '--symlink-install']
[0.067s] DEBUG:colcon:Parsed command line arguments: Namespace(log_base=None, log_level=None, verb_name='build', build_base='build', install_base='install', merge_install=False, symlink_install=True, test_result_base=None, continue_on_error=False, executor='parallel', parallel_workers=16, event_handlers=None, ignore_user_meta=False, metas=['./colcon.meta'], base_paths=['.'], packages_ignore=None, packages_ignore_regex=None, paths=None, packages_up_to=None, packages_up_to_regex=None, packages_above=None, packages_above_and_dependencies=None, packages_above_depth=None, packages_select_by_dep=None, packages_skip_by_dep=None, packages_skip_up_to=None, packages_select_build_failed=False, packages_skip_build_finished=False, packages_select_test_failures=False, packages_skip_test_passed=False, packages_select=None, packages_skip=None, packages_select_regex=None, packages_skip_regex=None, packages_start=None, packages_end=None, allow_overriding=[], cmake_args=None, cmake_target=None, cmake_target_skip_unavailable=False, cmake_clean_cache=False, cmake_clean_first=False, cmake_force_configure=False, ament_cmake_args=None, catkin_cmake_args=None, catkin_skip_building_tests=False, mixin_files=None, mixin=None, verb_parser=<colcon_mixin.mixin.mixin_argument.MixinArgumentDecorator object at 0x744764d66e60>, verb_extension=<colcon_core.verb.build.BuildVerb object at 0x744764d668f0>, main=<bound method BuildVerb.main of <colcon_core.verb.build.BuildVerb object at 0x744764d668f0>>, mixin_verb=('build',))
[0.173s] Level 1:colcon.colcon_core.package_discovery:discover_packages(colcon_meta) check parameters
[0.173s] Level 1:colcon.colcon_core.package_discovery:discover_packages(recursive) check parameters
[0.174s] Level 1:colcon.colcon_core.package_discovery:discover_packages(ignore) check parameters
[0.174s] Level 1:colcon.colcon_core.package_discovery:discover_packages(path) check parameters
[0.174s] Level 1:colcon.colcon_core.package_discovery:discover_packages(colcon_meta) discover
[0.174s] Level 1:colcon.colcon_core.package_discovery:discover_packages(recursive) discover
[0.174s] INFO:colcon.colcon_core.package_discovery:Crawling recursively for packages in '/home/gardentech/Gunsan_ws'
[0.174s] Level 1:colcon.colcon_core.package_identification:_identify(.) by extensions ['ignore', 'ignore_ament_install']
[0.174s] Level 1:colcon.colcon_core.package_identification:_identify(.) by extension 'ignore'
[0.174s] Level 1:colcon.colcon_core.package_identification:_identify(.) by extension 'ignore_ament_install'
[0.174s] Level 1:colcon.colcon_core.package_identification:_identify(.) by extensions ['colcon_pkg']
[0.174s] Level 1:colcon.colcon_core.package_identification:_identify(.) by extension 'colcon_pkg'
[0.174s] Level 1:colcon.colcon_core.package_identification:_identify(.) by extensions ['colcon_meta']
[0.174s] Level 1:colcon.colcon_core.package_identification:_identify(.) by extension 'colcon_meta'
[0.174s] Level 1:colcon.colcon_core.package_identification:_identify(.) by extensions ['ros']
[0.174s] Level 1:colcon.colcon_core.package_identification:_identify(.) by extension 'ros'
[0.181s] Level 1:colcon.colcon_core.package_identification:_identify(.) by extensions ['cmake', 'python']
[0.181s] Level 1:colcon.colcon_core.package_identification:_identify(.) by extension 'cmake'
[0.181s] Level 1:colcon.colcon_core.package_identification:_identify(.) by extension 'python'
[0.181s] Level 1:colcon.colcon_core.package_identification:_identify(.) by extensions ['python_setup_py']
[0.181s] Level 1:colcon.colcon_core.package_identification:_identify(.) by extension 'python_setup_py'
[0.181s] Level 1:colcon.colcon_core.package_identification:_identify(build) by extensions ['ignore', 'ignore_ament_install']
[0.181s] Level 1:colcon.colcon_core.package_identification:_identify(build) by extension 'ignore'
[0.181s] Level 1:colcon.colcon_core.package_identification:_identify(build) ignored
[0.181s] Level 1:colcon.colcon_core.package_identification:_identify(install) by extensions ['ignore', 'ignore_ament_install']
[0.181s] Level 1:colcon.colcon_core.package_identification:_identify(install) by extension 'ignore'
[0.181s] Level 1:colcon.colcon_core.package_identification:_identify(install) ignored
[0.181s] Level 1:colcon.colcon_core.package_identification:_identify(log) by extensions ['ignore', 'ignore_ament_install']
[0.182s] Level 1:colcon.colcon_core.package_identification:_identify(log) by extension 'ignore'
[0.182s] Level 1:colcon.colcon_core.package_identification:_identify(log) ignored
[0.182s] Level 1:colcon.colcon_core.package_identification:_identify(src) by extensions ['ignore', 'ignore_ament_install']
[0.182s] Level 1:colcon.colcon_core.package_identification:_identify(src) by extension 'ignore'
[0.182s] Level 1:colcon.colcon_core.package_identification:_identify(src) by extension 'ignore_ament_install'
[0.182s] Level 1:colcon.colcon_core.package_identification:_identify(src) by extensions ['colcon_pkg']
[0.182s] Level 1:colcon.colcon_core.package_identification:_identify(src) by extension 'colcon_pkg'
[0.182s] Level 1:colcon.colcon_core.package_identification:_identify(src) by extensions ['colcon_meta']
[0.182s] Level 1:colcon.colcon_core.package_identification:_identify(src) by extension 'colcon_meta'
[0.182s] Level 1:colcon.colcon_core.package_identification:_identify(src) by extensions ['ros']
[0.182s] Level 1:colcon.colcon_core.package_identification:_identify(src) by extension 'ros'
[0.182s] Level 1:colcon.colcon_core.package_identification:_identify(src) by extensions ['cmake', 'python']
[0.182s] Level 1:colcon.colcon_core.package_identification:_identify(src) by extension 'cmake'
[0.182s] Level 1:colcon.colcon_core.package_identification:_identify(src) by extension 'python'
[0.182s] Level 1:colcon.colcon_core.package_identification:_identify(src) by extensions ['python_setup_py']
[0.182s] Level 1:colcon.colcon_core.package_identification:_identify(src) by extension 'python_setup_py'
[0.182s] Level 1:colcon.colcon_core.package_identification:_identify(src/gunsan_drive) by extensions ['ignore', 'ignore_ament_install']
[0.182s] Level 1:colcon.colcon_core.package_identification:_identify(src/gunsan_drive) by extension 'ignore'
[0.182s] Level 1:colcon.colcon_core.package_identification:_identify(src/gunsan_drive) by extension 'ignore_ament_install'
[0.182s] Level 1:colcon.colcon_core.package_identification:_identify(src/gunsan_drive) by extensions ['colcon_pkg']
[0.182s] Level 1:colcon.colcon_core.package_identification:_identify(src/gunsan_drive) by extension 'colcon_pkg'
[0.182s] Level 1:colcon.colcon_core.package_identification:_identify(src/gunsan_drive) by extensions ['colcon_meta']
[0.182s] Level 1:colcon.colcon_core.package_identification:_identify(src/gunsan_drive) by extension 'colcon_meta'
[0.182s] Level 1:colcon.colcon_core.package_identification:_identify(src/gunsan_drive) by extensions ['ros']
[0.182s] Level 1:colcon.colcon_core.package_identification:_identify(src/gunsan_drive) by extension 'ros'
[0.189s] DEBUG:colcon.colcon_core.package_identification:Package 'src/gunsan_drive' with type 'ros.ament_python' and name 'gunsan_drive'
[0.189s] Level 1:colcon.colcon_core.package_discovery:discover_packages(recursive) using defaults
[0.189s] Level 1:colcon.colcon_core.package_discovery:discover_packages(ignore) discover
[0.189s] Level 1:colcon.colcon_core.package_discovery:discover_packages(ignore) using defaults
[0.189s] Level 1:colcon.colcon_core.package_discovery:discover_packages(path) discover
[0.189s] Level 1:colcon.colcon_core.package_discovery:discover_packages(path) using defaults
[0.201s] Level 1:colcon.colcon_core.package_discovery:discover_packages(prefix_path) check parameters
[0.201s] Level 1:colcon.colcon_core.package_discovery:discover_packages(prefix_path) discover
[0.202s] DEBUG:colcon.colcon_installed_package_information.package_discovery:Found 1 installed packages in /home/gardentech/Gunsan_ws/install
[0.202s] DEBUG:colcon.colcon_installed_package_information.package_discovery:Found 300 installed packages in /opt/ros/humble
[0.203s] Level 1:colcon.colcon_core.package_discovery:discover_packages(prefix_path) using defaults
[0.227s] Level 5:colcon.colcon_core.verb:set package 'gunsan_drive' build argument 'cmake_args' from command line to 'None'
[0.227s] Level 5:colcon.colcon_core.verb:set package 'gunsan_drive' build argument 'cmake_target' from command line to 'None'
[0.227s] Level 5:colcon.colcon_core.verb:set package 'gunsan_drive' build argument 'cmake_target_skip_unavailable' from command line to 'False'
[0.227s] Level 5:colcon.colcon_core.verb:set package 'gunsan_drive' build argument 'cmake_clean_cache' from command line to 'False'
[0.227s] Level 5:colcon.colcon_core.verb:set package 'gunsan_drive' build argument 'cmake_clean_first' from command line to 'False'
[0.227s] Level 5:colcon.colcon_core.verb:set package 'gunsan_drive' build argument 'cmake_force_configure' from command line to 'False'
[0.227s] Level 5:colcon.colcon_core.verb:set package 'gunsan_drive' build argument 'ament_cmake_args' from command line to 'None'
[0.227s] Level 5:colcon.colcon_core.verb:set package 'gunsan_drive' build argument 'catkin_cmake_args' from command line to 'None'
[0.227s] Level 5:colcon.colcon_core.verb:set package 'gunsan_drive' build argument 'catkin_skip_building_tests' from command line to 'False'
[0.227s] DEBUG:colcon.colcon_core.verb:Building package 'gunsan_drive' with the following arguments: {'ament_cmake_args': None, 'build_base': '/home/gardentech/Gunsan_ws/build/gunsan_drive', 'catkin_cmake_args': None, 'catkin_skip_building_tests': False, 'cmake_args': None, 'cmake_clean_cache': False, 'cmake_clean_first': False, 'cmake_force_configure': False, 'cmake_target': None, 'cmake_target_skip_unavailable': False, 'install_base': '/home/gardentech/Gunsan_ws/install/gunsan_drive', 'merge_install': False, 'path': '/home/gardentech/Gunsan_ws/src/gunsan_drive', 'symlink_install': True, 'test_result_base': None}
[0.227s] INFO:colcon.colcon_core.executor:Executing jobs using 'parallel' executor
[0.228s] DEBUG:colcon.colcon_parallel_executor.executor.parallel:run_until_complete
[0.228s] INFO:colcon.colcon_ros.task.ament_python.build:Building ROS package in '/home/gardentech/Gunsan_ws/src/gunsan_drive' with build type 'ament_python'
[0.228s] Level 1:colcon.colcon_core.shell:create_environment_hook('gunsan_drive', 'ament_prefix_path')
[0.229s] INFO:colcon.colcon_core.plugin_system:Skipping extension 'colcon_core.shell.bat': Not used on non-Windows systems
[0.229s] INFO:colcon.colcon_core.shell:Creating environment hook '/home/gardentech/Gunsan_ws/install/gunsan_drive/share/gunsan_drive/hook/ament_prefix_path.ps1'
[0.229s] INFO:colcon.colcon_core.shell:Creating environment descriptor '/home/gardentech/Gunsan_ws/install/gunsan_drive/share/gunsan_drive/hook/ament_prefix_path.dsv'
[0.230s] INFO:colcon.colcon_core.shell:Creating environment hook '/home/gardentech/Gunsan_ws/install/gunsan_drive/share/gunsan_drive/hook/ament_prefix_path.sh'
[0.230s] INFO:colcon.colcon_core.shell:Skip shell extension 'powershell' for command environment: Not usable outside of PowerShell
[0.230s] DEBUG:colcon.colcon_core.shell:Skip shell extension 'dsv' for command environment
[0.394s] INFO:colcon.colcon_core.task.python.build:Building Python package in '/home/gardentech/Gunsan_ws/src/gunsan_drive'
[0.394s] INFO:colcon.colcon_core.shell:Skip shell extension 'powershell' for command environment: Not usable outside of PowerShell
[0.394s] DEBUG:colcon.colcon_core.shell:Skip shell extension 'dsv' for command environment
[0.611s] DEBUG:colcon.colcon_core.task.python.build:While undoing a previous installation files outside the Python library path are being ignored: /home/gardentech/Gunsan_ws/install/gunsan_drive/share/ament_index/resource_index/packages/gunsan_drive
[0.611s] DEBUG:colcon.colcon_core.task.python.build:While undoing a previous installation files outside the Python library path are being ignored: /home/gardentech/Gunsan_ws/install/gunsan_drive/share/gunsan_drive/package.xml
[0.611s] DEBUG:colcon.colcon_core.task.python.build:While undoing a previous installation files outside the Python library path are being ignored: /home/gardentech/Gunsan_ws/install/gunsan_drive/share/gunsan_drive/config/camera5_info.yaml
[0.611s] DEBUG:colcon.colcon_core.task.python.build:While undoing a previous installation files outside the Python library path are being ignored: /home/gardentech/Gunsan_ws/install/gunsan_drive/share/gunsan_drive/config/camera6_info.yaml
[0.611s] DEBUG:colcon.colcon_core.task.python.build:While undoing a previous installation files outside the Python library path are being ignored: /home/gardentech/Gunsan_ws/install/gunsan_drive/share/gunsan_drive/config/camera6_params.yaml
[0.611s] DEBUG:colcon.colcon_core.task.python.build:While undoing a previous installation files outside the Python library path are being ignored: /home/gardentech/Gunsan_ws/install/gunsan_drive/share/gunsan_drive/config/camera5_params.yaml
[0.611s] DEBUG:colcon.colcon_core.task.python.build:While undoing a previous installation files outside the Python library path are being ignored: /home/gardentech/Gunsan_ws/install/gunsan_drive/share/gunsan_drive/launch/lane_detection.launch.py
[0.611s] DEBUG:colcon.colcon_core.task.python.build:While undoing a previous installation files outside the Python library path are being ignored: /home/gardentech/Gunsan_ws/install/gunsan_drive/share/gunsan_drive/launch/cameras.launch.py
[0.611s] DEBUG:colcon.colcon_core.task.python.build:While undoing a previous installation files outside the Python library path are being ignored: /home/gardentech/Gunsan_ws/install/gunsan_drive/lib/gunsan_drive/lane_detector
[0.614s] DEBUG:colcon.colcon_core.event_handler.log_command:Invoking command in '/home/gardentech/Gunsan_ws/build/gunsan_drive': PYTHONPATH=/home/gardentech/Gunsan_ws/build/gunsan_drive/prefix_override:/usr/lib/python3/dist-packages/colcon_core/task/python/colcon_distutils_commands:/home/gardentech/Gunsan_ws/install/gunsan_drive/lib/python3.10/site-packages:${PYTHONPATH} /usr/bin/python3 -W ignore:setup.py install is deprecated -W ignore:easy_install command is deprecated setup.py develop --editable --build-directory /home/gardentech/Gunsan_ws/build/gunsan_drive/build --no-deps symlink_data --force
[0.917s] Level 1:colcon.colcon_core.shell:create_environment_hook('gunsan_drive', 'pythonpath_develop')
[0.918s] INFO:colcon.colcon_core.shell:Creating environment hook '/home/gardentech/Gunsan_ws/build/gunsan_drive/share/gunsan_drive/hook/pythonpath_develop.ps1'
[0.918s] DEBUG:colcon.colcon_core.event_handler.log_command:Invoked command in '/home/gardentech/Gunsan_ws/build/gunsan_drive' returned '0': PYTHONPATH=/home/gardentech/Gunsan_ws/build/gunsan_drive/prefix_override:/usr/lib/python3/dist-packages/colcon_core/task/python/colcon_distutils_commands:/home/gardentech/Gunsan_ws/install/gunsan_drive/lib/python3.10/site-packages:${PYTHONPATH} /usr/bin/python3 -W ignore:setup.py install is deprecated -W ignore:easy_install command is deprecated setup.py develop --editable --build-directory /home/gardentech/Gunsan_ws/build/gunsan_drive/build --no-deps symlink_data --force
[0.918s] INFO:colcon.colcon_core.shell:Creating environment descriptor '/home/gardentech/Gunsan_ws/build/gunsan_drive/share/gunsan_drive/hook/pythonpath_develop.dsv'
[0.919s] INFO:colcon.colcon_core.shell:Creating environment hook '/home/gardentech/Gunsan_ws/build/gunsan_drive/share/gunsan_drive/hook/pythonpath_develop.sh'
[0.920s] Level 1:colcon.colcon_core.environment:checking '/home/gardentech/Gunsan_ws/install/gunsan_drive' for CMake module files
[0.920s] Level 1:colcon.colcon_core.environment:checking '/home/gardentech/Gunsan_ws/install/gunsan_drive' for CMake config files
[0.921s] Level 1:colcon.colcon_core.environment:checking '/home/gardentech/Gunsan_ws/install/gunsan_drive/lib'
[0.921s] Level 1:colcon.colcon_core.environment:checking '/home/gardentech/Gunsan_ws/install/gunsan_drive/bin'
[0.921s] Level 1:colcon.colcon_core.environment:checking '/home/gardentech/Gunsan_ws/install/gunsan_drive/lib/pkgconfig/gunsan_drive.pc'
[0.921s] Level 1:colcon.colcon_core.environment:checking '/home/gardentech/Gunsan_ws/install/gunsan_drive/lib/python3.10/site-packages'
[0.921s] Level 1:colcon.colcon_core.shell:create_environment_hook('gunsan_drive', 'pythonpath')
[0.921s] INFO:colcon.colcon_core.shell:Creating environment hook '/home/gardentech/Gunsan_ws/install/gunsan_drive/share/gunsan_drive/hook/pythonpath.ps1'
[0.922s] INFO:colcon.colcon_core.shell:Creating environment descriptor '/home/gardentech/Gunsan_ws/install/gunsan_drive/share/gunsan_drive/hook/pythonpath.dsv'
[0.922s] INFO:colcon.colcon_core.shell:Creating environment hook '/home/gardentech/Gunsan_ws/install/gunsan_drive/share/gunsan_drive/hook/pythonpath.sh'
[0.922s] Level 1:colcon.colcon_core.environment:checking '/home/gardentech/Gunsan_ws/install/gunsan_drive/bin'
[0.922s] Level 1:colcon.colcon_core.environment:create_environment_scripts_only(gunsan_drive)
[0.922s] INFO:colcon.colcon_core.shell:Creating package script '/home/gardentech/Gunsan_ws/install/gunsan_drive/share/gunsan_drive/package.ps1'
[0.923s] INFO:colcon.colcon_core.shell:Creating package descriptor '/home/gardentech/Gunsan_ws/install/gunsan_drive/share/gunsan_drive/package.dsv'
[0.923s] INFO:colcon.colcon_core.shell:Creating package script '/home/gardentech/Gunsan_ws/install/gunsan_drive/share/gunsan_drive/package.sh'
[0.924s] INFO:colcon.colcon_core.shell:Creating package script '/home/gardentech/Gunsan_ws/install/gunsan_drive/share/gunsan_drive/package.bash'
[0.924s] INFO:colcon.colcon_core.shell:Creating package script '/home/gardentech/Gunsan_ws/install/gunsan_drive/share/gunsan_drive/package.zsh'
[0.925s] Level 1:colcon.colcon_core.environment:create_file_with_runtime_dependencies(/home/gardentech/Gunsan_ws/install/gunsan_drive/share/colcon-core/packages/gunsan_drive)
[0.925s] DEBUG:colcon.colcon_parallel_executor.executor.parallel:closing loop
[0.925s] DEBUG:colcon.colcon_parallel_executor.executor.parallel:loop closed
[0.925s] DEBUG:colcon.colcon_parallel_executor.executor.parallel:run_until_complete finished with '0'
[0.925s] DEBUG:colcon.colcon_core.event_reactor:joining thread
[0.928s] INFO:colcon.colcon_core.plugin_system:Skipping extension 'colcon_notification.desktop_notification.terminal_notifier': Not used on non-Darwin systems
[0.928s] INFO:colcon.colcon_core.plugin_system:Skipping extension 'colcon_notification.desktop_notification.win32': Not used on non-Windows systems
[0.928s] INFO:colcon.colcon_notification.desktop_notification:Sending desktop notification using 'notify2'
[0.936s] DEBUG:colcon.colcon_core.event_reactor:joined thread
[0.937s] INFO:colcon.colcon_core.shell:Creating prefix script '/home/gardentech/Gunsan_ws/install/local_setup.ps1'
[0.938s] INFO:colcon.colcon_core.shell:Creating prefix util module '/home/gardentech/Gunsan_ws/install/_local_setup_util_ps1.py'
[0.939s] INFO:colcon.colcon_core.shell:Creating prefix chain script '/home/gardentech/Gunsan_ws/install/setup.ps1'
[0.940s] INFO:colcon.colcon_core.shell:Creating prefix script '/home/gardentech/Gunsan_ws/install/local_setup.sh'
[0.941s] INFO:colcon.colcon_core.shell:Creating prefix util module '/home/gardentech/Gunsan_ws/install/_local_setup_util_sh.py'
[0.941s] INFO:colcon.colcon_core.shell:Creating prefix chain script '/home/gardentech/Gunsan_ws/install/setup.sh'
[0.942s] INFO:colcon.colcon_core.shell:Creating prefix script '/home/gardentech/Gunsan_ws/install/local_setup.bash'
[0.942s] INFO:colcon.colcon_core.shell:Creating prefix chain script '/home/gardentech/Gunsan_ws/install/setup.bash'
[0.942s] INFO:colcon.colcon_core.shell:Creating prefix script '/home/gardentech/Gunsan_ws/install/local_setup.zsh'
[0.943s] INFO:colcon.colcon_core.shell:Creating prefix chain script '/home/gardentech/Gunsan_ws/install/setup.zsh'
