[0.740s] Invoking command in '/home/gardentech/Gunsan_ws/src/gunsan_drive': PYTHONPATH=/home/gardentech/Gunsan_ws/build/gunsan_drive/prefix_override:/usr/lib/python3/dist-packages/colcon_core/task/python/colcon_distutils_commands:/home/gardentech/Gunsan_ws/install/gunsan_drive/lib/python3.10/site-packages:${PYTHONPATH} /usr/bin/python3 -W ignore:setup.py install is deprecated -W ignore:easy_install command is deprecated setup.py egg_info --egg-base ../../build/gunsan_drive build --build-base /home/gardentech/Gunsan_ws/build/gunsan_drive/build install --record /home/gardentech/Gunsan_ws/build/gunsan_drive/install.log --single-version-externally-managed install_data
[0.958s] running egg_info
[0.958s] writing ../../build/gunsan_drive/gunsan_drive.egg-info/PKG-INFO
[0.959s] writing dependency_links to ../../build/gunsan_drive/gunsan_drive.egg-info/dependency_links.txt
[0.959s] writing entry points to ../../build/gunsan_drive/gunsan_drive.egg-info/entry_points.txt
[0.959s] writing requirements to ../../build/gunsan_drive/gunsan_drive.egg-info/requires.txt
[0.959s] writing top-level names to ../../build/gunsan_drive/gunsan_drive.egg-info/top_level.txt
[0.960s] reading manifest file '../../build/gunsan_drive/gunsan_drive.egg-info/SOURCES.txt'
[0.961s] writing manifest file '../../build/gunsan_drive/gunsan_drive.egg-info/SOURCES.txt'
[0.961s] running build
[0.961s] running build_py
[0.961s] running install
[0.961s] running install_lib
[0.962s] running install_data
[0.962s] copying launch/steering_test.launch.py -> /home/gardentech/Gunsan_ws/install/gunsan_drive/share/gunsan_drive/launch
[0.963s] running install_egg_info
[0.964s] removing '/home/gardentech/Gunsan_ws/install/gunsan_drive/lib/python3.10/site-packages/gunsan_drive-0.1.0-py3.10.egg-info' (and everything under it)
[0.964s] Copying ../../build/gunsan_drive/gunsan_drive.egg-info to /home/gardentech/Gunsan_ws/install/gunsan_drive/lib/python3.10/site-packages/gunsan_drive-0.1.0-py3.10.egg-info
[0.965s] running install_scripts
[0.985s] Installing lane_detector script to /home/gardentech/Gunsan_ws/install/gunsan_drive/lib/gunsan_drive
[0.986s] Installing steering_controller script to /home/gardentech/Gunsan_ws/install/gunsan_drive/lib/gunsan_drive
[0.986s] writing list of installed files to '/home/gardentech/Gunsan_ws/build/gunsan_drive/install.log'
[1.010s] Invoked command in '/home/gardentech/Gunsan_ws/src/gunsan_drive' returned '0': PYTHONPATH=/home/gardentech/Gunsan_ws/build/gunsan_drive/prefix_override:/usr/lib/python3/dist-packages/colcon_core/task/python/colcon_distutils_commands:/home/gardentech/Gunsan_ws/install/gunsan_drive/lib/python3.10/site-packages:${PYTHONPATH} /usr/bin/python3 -W ignore:setup.py install is deprecated -W ignore:easy_install command is deprecated setup.py egg_info --egg-base ../../build/gunsan_drive build --build-base /home/gardentech/Gunsan_ws/build/gunsan_drive/build install --record /home/gardentech/Gunsan_ws/build/gunsan_drive/install.log --single-version-externally-managed install_data
