/home/gardentech/Gunsan_ws/install/gunsan_drive/lib/python3.10/site-packages/gunsan_drive/lane_detector_node.py
/home/gardentech/Gunsan_ws/install/gunsan_drive/lib/python3.10/site-packages/gunsan_drive/steering_controller_node.py
/home/gardentech/Gunsan_ws/install/gunsan_drive/lib/python3.10/site-packages/gunsan_drive/__init__.py
/home/gardentech/Gunsan_ws/install/gunsan_drive/lib/python3.10/site-packages/gunsan_drive/__pycache__/lane_detector_node.cpython-310.pyc
/home/gardentech/Gunsan_ws/install/gunsan_drive/lib/python3.10/site-packages/gunsan_drive/__pycache__/steering_controller_node.cpython-310.pyc
/home/gardentech/Gunsan_ws/install/gunsan_drive/lib/python3.10/site-packages/gunsan_drive/__pycache__/__init__.cpython-310.pyc
/home/gardentech/Gunsan_ws/install/gunsan_drive/share/ament_index/resource_index/packages/gunsan_drive
/home/gardentech/Gunsan_ws/install/gunsan_drive/share/gunsan_drive/package.xml
/home/gardentech/Gunsan_ws/install/gunsan_drive/share/gunsan_drive/config/camera5_info.yaml
/home/gardentech/Gunsan_ws/install/gunsan_drive/share/gunsan_drive/config/camera6_info.yaml
/home/gardentech/Gunsan_ws/install/gunsan_drive/share/gunsan_drive/config/camera6_params.yaml
/home/gardentech/Gunsan_ws/install/gunsan_drive/share/gunsan_drive/config/camera5_params.yaml
/home/gardentech/Gunsan_ws/install/gunsan_drive/share/gunsan_drive/launch/lane_detection.launch.py
/home/gardentech/Gunsan_ws/install/gunsan_drive/share/gunsan_drive/launch/motor_test.launch.py
/home/gardentech/Gunsan_ws/install/gunsan_drive/share/gunsan_drive/launch/steering_test.launch.py
/home/gardentech/Gunsan_ws/install/gunsan_drive/share/gunsan_drive/launch/cameras.launch.py
/home/gardentech/Gunsan_ws/install/gunsan_drive/lib/python3.10/site-packages/gunsan_drive-0.1.0-py3.10.egg-info/top_level.txt
/home/gardentech/Gunsan_ws/install/gunsan_drive/lib/python3.10/site-packages/gunsan_drive-0.1.0-py3.10.egg-info/entry_points.txt
/home/gardentech/Gunsan_ws/install/gunsan_drive/lib/python3.10/site-packages/gunsan_drive-0.1.0-py3.10.egg-info/dependency_links.txt
/home/gardentech/Gunsan_ws/install/gunsan_drive/lib/python3.10/site-packages/gunsan_drive-0.1.0-py3.10.egg-info/requires.txt
/home/gardentech/Gunsan_ws/install/gunsan_drive/lib/python3.10/site-packages/gunsan_drive-0.1.0-py3.10.egg-info/zip-safe
/home/gardentech/Gunsan_ws/install/gunsan_drive/lib/python3.10/site-packages/gunsan_drive-0.1.0-py3.10.egg-info/PKG-INFO
/home/gardentech/Gunsan_ws/install/gunsan_drive/lib/python3.10/site-packages/gunsan_drive-0.1.0-py3.10.egg-info/SOURCES.txt
/home/gardentech/Gunsan_ws/install/gunsan_drive/lib/gunsan_drive/lane_detector
/home/gardentech/Gunsan_ws/install/gunsan_drive/lib/gunsan_drive/steering_controller
