[0.560s] Invoking command in '/home/gardentech/Drive_ws/build/motor_driver': PYTHONPATH=/home/gardentech/Drive_ws/build/motor_driver/prefix_override:/usr/lib/python3/dist-packages/colcon_core/task/python/colcon_distutils_commands:/home/gardentech/Drive_ws/install/motor_driver/lib/python3.10/site-packages:${PYTHONPATH} /usr/bin/python3 -W ignore:setup.py install is deprecated -W ignore:easy_install command is deprecated setup.py develop --uninstall --editable --build-directory /home/gardentech/Drive_ws/build/motor_driver/build
[0.805s] running develop
[0.967s] Removing /home/gardentech/Drive_ws/install/motor_driver/lib/python3.10/site-packages/motor-driver.egg-link (link to .)
[0.988s] Invoked command in '/home/gardentech/Drive_ws/build/motor_driver' returned '0': PYTHONPATH=/home/gardentech/Drive_ws/build/motor_driver/prefix_override:/usr/lib/python3/dist-packages/colcon_core/task/python/colcon_distutils_commands:/home/gardentech/Drive_ws/install/motor_driver/lib/python3.10/site-packages:${PYTHONPATH} /usr/bin/python3 -W ignore:setup.py install is deprecated -W ignore:easy_install command is deprecated setup.py develop --uninstall --editable --build-directory /home/gardentech/Drive_ws/build/motor_driver/build
[0.989s] Invoking command in '/home/gardentech/Drive_ws/src/motor_driver': PYTHONPATH=/home/gardentech/Drive_ws/build/motor_driver/prefix_override:/usr/lib/python3/dist-packages/colcon_core/task/python/colcon_distutils_commands:/home/gardentech/Drive_ws/install/motor_driver/lib/python3.10/site-packages:${PYTHONPATH} /usr/bin/python3 -W ignore:setup.py install is deprecated -W ignore:easy_install command is deprecated setup.py egg_info --egg-base ../../build/motor_driver build --build-base /home/gardentech/Drive_ws/build/motor_driver/build install --record /home/gardentech/Drive_ws/build/motor_driver/install.log --single-version-externally-managed install_data --force
[1.207s] running egg_info
[1.208s] writing ../../build/motor_driver/motor_driver.egg-info/PKG-INFO
[1.208s] writing dependency_links to ../../build/motor_driver/motor_driver.egg-info/dependency_links.txt
[1.208s] writing entry points to ../../build/motor_driver/motor_driver.egg-info/entry_points.txt
[1.208s] writing requirements to ../../build/motor_driver/motor_driver.egg-info/requires.txt
[1.208s] writing top-level names to ../../build/motor_driver/motor_driver.egg-info/top_level.txt
[1.210s] reading manifest file '../../build/motor_driver/motor_driver.egg-info/SOURCES.txt'
[1.210s] writing manifest file '../../build/motor_driver/motor_driver.egg-info/SOURCES.txt'
[1.210s] running build
[1.210s] running build_py
[1.210s] creating /home/gardentech/Drive_ws/build/motor_driver/build
[1.211s] creating /home/gardentech/Drive_ws/build/motor_driver/build/lib
[1.211s] creating /home/gardentech/Drive_ws/build/motor_driver/build/lib/motor_driver
[1.211s] copying motor_driver/__init__.py -> /home/gardentech/Drive_ws/build/motor_driver/build/lib/motor_driver
[1.211s] copying motor_driver/motor_driver_node.py -> /home/gardentech/Drive_ws/build/motor_driver/build/lib/motor_driver
[1.211s] running install
[1.211s] running install_lib
[1.211s] creating /home/gardentech/Drive_ws/install/motor_driver/lib/python3.10/site-packages/motor_driver
[1.211s] copying /home/gardentech/Drive_ws/build/motor_driver/build/lib/motor_driver/__init__.py -> /home/gardentech/Drive_ws/install/motor_driver/lib/python3.10/site-packages/motor_driver
[1.212s] copying /home/gardentech/Drive_ws/build/motor_driver/build/lib/motor_driver/motor_driver_node.py -> /home/gardentech/Drive_ws/install/motor_driver/lib/python3.10/site-packages/motor_driver
[1.212s] byte-compiling /home/gardentech/Drive_ws/install/motor_driver/lib/python3.10/site-packages/motor_driver/__init__.py to __init__.cpython-310.pyc
[1.212s] byte-compiling /home/gardentech/Drive_ws/install/motor_driver/lib/python3.10/site-packages/motor_driver/motor_driver_node.py to motor_driver_node.cpython-310.pyc
[1.213s] running install_data
[1.213s] copying resource/motor_driver -> /home/gardentech/Drive_ws/install/motor_driver/share/ament_index/resource_index/packages
[1.214s] copying package.xml -> /home/gardentech/Drive_ws/install/motor_driver/share/motor_driver
[1.214s] running install_egg_info
[1.215s] Copying ../../build/motor_driver/motor_driver.egg-info to /home/gardentech/Drive_ws/install/motor_driver/lib/python3.10/site-packages/motor_driver-0.1.0-py3.10.egg-info
[1.216s] running install_scripts
[1.235s] Installing motor_driver_node script to /home/gardentech/Drive_ws/install/motor_driver/lib/motor_driver
[1.235s] writing list of installed files to '/home/gardentech/Drive_ws/build/motor_driver/install.log'
[1.252s] Invoked command in '/home/gardentech/Drive_ws/src/motor_driver' returned '0': PYTHONPATH=/home/gardentech/Drive_ws/build/motor_driver/prefix_override:/usr/lib/python3/dist-packages/colcon_core/task/python/colcon_distutils_commands:/home/gardentech/Drive_ws/install/motor_driver/lib/python3.10/site-packages:${PYTHONPATH} /usr/bin/python3 -W ignore:setup.py install is deprecated -W ignore:easy_install command is deprecated setup.py egg_info --egg-base ../../build/motor_driver build --build-base /home/gardentech/Drive_ws/build/motor_driver/build install --record /home/gardentech/Drive_ws/build/motor_driver/install.log --single-version-externally-managed install_data --force
