[0.366s] Invoking command in '/home/gardentech/Gunsan_ws/src/motor_driver': PYTHONPATH=/home/gardentech/Gunsan_ws/build/motor_driver/prefix_override:/usr/lib/python3/dist-packages/colcon_core/task/python/colcon_distutils_commands:/home/gardentech/Gunsan_ws/install/motor_driver/lib/python3.10/site-packages:${PYTHONPATH} /usr/bin/python3 -W ignore:setup.py install is deprecated -W ignore:easy_install command is deprecated setup.py egg_info --egg-base ../../../Gunsan_ws/build/motor_driver build --build-base /home/gardentech/Gunsan_ws/build/motor_driver/build install --record /home/gardentech/Gunsan_ws/build/motor_driver/install.log --single-version-externally-managed install_data
[0.518s] running egg_info
[0.519s] writing ../../../Gunsan_ws/build/motor_driver/motor_driver.egg-info/PKG-INFO
[0.519s] writing dependency_links to ../../../Gunsan_ws/build/motor_driver/motor_driver.egg-info/dependency_links.txt
[0.519s] writing entry points to ../../../Gunsan_ws/build/motor_driver/motor_driver.egg-info/entry_points.txt
[0.519s] writing requirements to ../../../Gunsan_ws/build/motor_driver/motor_driver.egg-info/requires.txt
[0.519s] writing top-level names to ../../../Gunsan_ws/build/motor_driver/motor_driver.egg-info/top_level.txt
[0.520s] reading manifest file '../../../Gunsan_ws/build/motor_driver/motor_driver.egg-info/SOURCES.txt'
[0.520s] writing manifest file '../../../Gunsan_ws/build/motor_driver/motor_driver.egg-info/SOURCES.txt'
[0.520s] running build
[0.520s] running build_py
[0.520s] copying motor_driver/motor_driver_node.py -> /home/gardentech/Gunsan_ws/build/motor_driver/build/lib/motor_driver
[0.521s] running install
[0.521s] running install_lib
[0.521s] copying /home/gardentech/Gunsan_ws/build/motor_driver/build/lib/motor_driver/motor_driver_node.py -> /home/gardentech/Gunsan_ws/install/motor_driver/lib/python3.10/site-packages/motor_driver
[0.521s] byte-compiling /home/gardentech/Gunsan_ws/install/motor_driver/lib/python3.10/site-packages/motor_driver/motor_driver_node.py to motor_driver_node.cpython-310.pyc
[0.522s] running install_data
[0.522s] running install_egg_info
[0.524s] removing '/home/gardentech/Gunsan_ws/install/motor_driver/lib/python3.10/site-packages/motor_driver-0.1.0-py3.10.egg-info' (and everything under it)
[0.524s] Copying ../../../Gunsan_ws/build/motor_driver/motor_driver.egg-info to /home/gardentech/Gunsan_ws/install/motor_driver/lib/python3.10/site-packages/motor_driver-0.1.0-py3.10.egg-info
[0.524s] running install_scripts
[0.537s] Installing motor_driver_node script to /home/gardentech/Gunsan_ws/install/motor_driver/lib/motor_driver
[0.537s] writing list of installed files to '/home/gardentech/Gunsan_ws/build/motor_driver/install.log'
[0.550s] Invoked command in '/home/gardentech/Gunsan_ws/src/motor_driver' returned '0': PYTHONPATH=/home/gardentech/Gunsan_ws/build/motor_driver/prefix_override:/usr/lib/python3/dist-packages/colcon_core/task/python/colcon_distutils_commands:/home/gardentech/Gunsan_ws/install/motor_driver/lib/python3.10/site-packages:${PYTHONPATH} /usr/bin/python3 -W ignore:setup.py install is deprecated -W ignore:easy_install command is deprecated setup.py egg_info --egg-base ../../../Gunsan_ws/build/motor_driver build --build-base /home/gardentech/Gunsan_ws/build/motor_driver/build install --record /home/gardentech/Gunsan_ws/build/motor_driver/install.log --single-version-externally-managed install_data
