running develop
running egg_info
writing gunsan_drive.egg-info/PKG-INFO
writing dependency_links to gunsan_drive.egg-info/dependency_links.txt
writing entry points to gunsan_drive.egg-info/entry_points.txt
writing requirements to gunsan_drive.egg-info/requires.txt
writing top-level names to gunsan_drive.egg-info/top_level.txt
reading manifest file 'gunsan_drive.egg-info/SOURCES.txt'
writing manifest file 'gunsan_drive.egg-info/SOURCES.txt'
running build_ext
Creating /home/gardentech/Gunsan_ws/install/gunsan_drive/lib/python3.10/site-packages/gunsan-drive.egg-link (link to .)
Installing lane_detector script to /home/gardentech/Gunsan_ws/install/gunsan_drive/lib/gunsan_drive

Installed /home/gardentech/Gunsan_ws/build/gunsan_drive
running symlink_data
symbolically linking /home/gardentech/Gunsan_ws/build/gunsan_drive/resource/gunsan_drive -> /home/gardentech/Gunsan_ws/install/gunsan_drive/share/ament_index/resource_index/packages
symbolically linking /home/gardentech/Gunsan_ws/build/gunsan_drive/package.xml -> /home/gardentech/Gunsan_ws/install/gunsan_drive/share/gunsan_drive
symbolically linking /home/gardentech/Gunsan_ws/build/gunsan_drive/config/camera5_info.yaml -> /home/gardentech/Gunsan_ws/install/gunsan_drive/share/gunsan_drive/config
symbolically linking /home/gardentech/Gunsan_ws/build/gunsan_drive/config/camera6_info.yaml -> /home/gardentech/Gunsan_ws/install/gunsan_drive/share/gunsan_drive/config
symbolically linking /home/gardentech/Gunsan_ws/build/gunsan_drive/config/camera6_params.yaml -> /home/gardentech/Gunsan_ws/install/gunsan_drive/share/gunsan_drive/config
symbolically linking /home/gardentech/Gunsan_ws/build/gunsan_drive/config/camera5_params.yaml -> /home/gardentech/Gunsan_ws/install/gunsan_drive/share/gunsan_drive/config
symbolically linking /home/gardentech/Gunsan_ws/build/gunsan_drive/launch/lane_detection.launch.py -> /home/gardentech/Gunsan_ws/install/gunsan_drive/share/gunsan_drive/launch
symbolically linking /home/gardentech/Gunsan_ws/build/gunsan_drive/launch/cameras.launch.py -> /home/gardentech/Gunsan_ws/install/gunsan_drive/share/gunsan_drive/launch
