[0.532s] Invoking command in '/home/gardentech/Gunsan_ws/src/gunsan_drive': PYTHONPATH=/home/gardentech/Gunsan_ws/build/gunsan_drive/prefix_override:/usr/lib/python3/dist-packages/colcon_core/task/python/colcon_distutils_commands:/home/gardentech/Gunsan_ws/install/gunsan_drive/lib/python3.10/site-packages:${PYTHONPATH} /usr/bin/python3 -W ignore:setup.py install is deprecated -W ignore:easy_install command is deprecated setup.py egg_info --egg-base ../../build/gunsan_drive build --build-base /home/gardentech/Gunsan_ws/build/gunsan_drive/build install --record /home/gardentech/Gunsan_ws/build/gunsan_drive/install.log --single-version-externally-managed install_data
[0.693s] running egg_info
[0.693s] creating ../../build/gunsan_drive/gunsan_drive.egg-info
[0.693s] writing ../../build/gunsan_drive/gunsan_drive.egg-info/PKG-INFO
[0.693s] writing dependency_links to ../../build/gunsan_drive/gunsan_drive.egg-info/dependency_links.txt
[0.693s] writing entry points to ../../build/gunsan_drive/gunsan_drive.egg-info/entry_points.txt
[0.694s] writing requirements to ../../build/gunsan_drive/gunsan_drive.egg-info/requires.txt
[0.694s] writing top-level names to ../../build/gunsan_drive/gunsan_drive.egg-info/top_level.txt
[0.694s] writing manifest file '../../build/gunsan_drive/gunsan_drive.egg-info/SOURCES.txt'
[0.694s] reading manifest file '../../build/gunsan_drive/gunsan_drive.egg-info/SOURCES.txt'
[0.695s] writing manifest file '../../build/gunsan_drive/gunsan_drive.egg-info/SOURCES.txt'
[0.695s] running build
[0.695s] running build_py
[0.695s] creating /home/gardentech/Gunsan_ws/build/gunsan_drive/build
[0.695s] creating /home/gardentech/Gunsan_ws/build/gunsan_drive/build/lib
[0.695s] creating /home/gardentech/Gunsan_ws/build/gunsan_drive/build/lib/gunsan_drive
[0.695s] copying gunsan_drive/lane_detector_node.py -> /home/gardentech/Gunsan_ws/build/gunsan_drive/build/lib/gunsan_drive
[0.695s] copying gunsan_drive/__init__.py -> /home/gardentech/Gunsan_ws/build/gunsan_drive/build/lib/gunsan_drive
[0.695s] running install
[0.695s] running install_lib
[0.696s] creating /home/gardentech/Gunsan_ws/install/gunsan_drive/lib/python3.10/site-packages/gunsan_drive
[0.696s] copying /home/gardentech/Gunsan_ws/build/gunsan_drive/build/lib/gunsan_drive/lane_detector_node.py -> /home/gardentech/Gunsan_ws/install/gunsan_drive/lib/python3.10/site-packages/gunsan_drive
[0.696s] copying /home/gardentech/Gunsan_ws/build/gunsan_drive/build/lib/gunsan_drive/__init__.py -> /home/gardentech/Gunsan_ws/install/gunsan_drive/lib/python3.10/site-packages/gunsan_drive
[0.696s] byte-compiling /home/gardentech/Gunsan_ws/install/gunsan_drive/lib/python3.10/site-packages/gunsan_drive/lane_detector_node.py to lane_detector_node.cpython-310.pyc
[0.698s] byte-compiling /home/gardentech/Gunsan_ws/install/gunsan_drive/lib/python3.10/site-packages/gunsan_drive/__init__.py to __init__.cpython-310.pyc
[0.698s] running install_data
[0.698s] creating /home/gardentech/Gunsan_ws/install/gunsan_drive/share/ament_index
[0.698s] creating /home/gardentech/Gunsan_ws/install/gunsan_drive/share/ament_index/resource_index
[0.698s] creating /home/gardentech/Gunsan_ws/install/gunsan_drive/share/ament_index/resource_index/packages
[0.699s] copying resource/gunsan_drive -> /home/gardentech/Gunsan_ws/install/gunsan_drive/share/ament_index/resource_index/packages
[0.699s] copying package.xml -> /home/gardentech/Gunsan_ws/install/gunsan_drive/share/gunsan_drive
[0.699s] creating /home/gardentech/Gunsan_ws/install/gunsan_drive/share/gunsan_drive/config
[0.699s] copying config/camera5_info.yaml -> /home/gardentech/Gunsan_ws/install/gunsan_drive/share/gunsan_drive/config
[0.699s] copying config/camera6_info.yaml -> /home/gardentech/Gunsan_ws/install/gunsan_drive/share/gunsan_drive/config
[0.699s] copying config/camera6_params.yaml -> /home/gardentech/Gunsan_ws/install/gunsan_drive/share/gunsan_drive/config
[0.699s] copying config/camera5_params.yaml -> /home/gardentech/Gunsan_ws/install/gunsan_drive/share/gunsan_drive/config
[0.699s] creating /home/gardentech/Gunsan_ws/install/gunsan_drive/share/gunsan_drive/launch
[0.699s] copying launch/lane_detection.launch.py -> /home/gardentech/Gunsan_ws/install/gunsan_drive/share/gunsan_drive/launch
[0.699s] copying launch/cameras.launch.py -> /home/gardentech/Gunsan_ws/install/gunsan_drive/share/gunsan_drive/launch
[0.699s] running install_egg_info
[0.700s] Copying ../../build/gunsan_drive/gunsan_drive.egg-info to /home/gardentech/Gunsan_ws/install/gunsan_drive/lib/python3.10/site-packages/gunsan_drive-0.1.0-py3.10.egg-info
[0.700s] running install_scripts
[0.712s] Installing lane_detector script to /home/gardentech/Gunsan_ws/install/gunsan_drive/lib/gunsan_drive
[0.712s] writing list of installed files to '/home/gardentech/Gunsan_ws/build/gunsan_drive/install.log'
[0.724s] Invoked command in '/home/gardentech/Gunsan_ws/src/gunsan_drive' returned '0': PYTHONPATH=/home/gardentech/Gunsan_ws/build/gunsan_drive/prefix_override:/usr/lib/python3/dist-packages/colcon_core/task/python/colcon_distutils_commands:/home/gardentech/Gunsan_ws/install/gunsan_drive/lib/python3.10/site-packages:${PYTHONPATH} /usr/bin/python3 -W ignore:setup.py install is deprecated -W ignore:easy_install command is deprecated setup.py egg_info --egg-base ../../build/gunsan_drive build --build-base /home/gardentech/Gunsan_ws/build/gunsan_drive/build install --record /home/gardentech/Gunsan_ws/build/gunsan_drive/install.log --single-version-externally-managed install_data
