[0.381s] Invoking command in '/home/gardentech/Arduino_python_serial/Drive_ws/src/motor_driver': PYTHONPATH=/home/gardentech/Arduino_python_serial/Drive_ws/build/motor_driver/prefix_override:/usr/lib/python3/dist-packages/colcon_core/task/python/colcon_distutils_commands:/home/gardentech/Arduino_python_serial/Drive_ws/install/motor_driver/lib/python3.10/site-packages:${PYTHONPATH} /usr/bin/python3 -W ignore:setup.py install is deprecated -W ignore:easy_install command is deprecated setup.py egg_info --egg-base ../../build/motor_driver build --build-base /home/gardentech/Arduino_python_serial/Drive_ws/build/motor_driver/build install --record /home/gardentech/Arduino_python_serial/Drive_ws/build/motor_driver/install.log --single-version-externally-managed install_data
[0.537s] running egg_info
[0.537s] writing ../../build/motor_driver/motor_driver.egg-info/PKG-INFO
[0.537s] writing dependency_links to ../../build/motor_driver/motor_driver.egg-info/dependency_links.txt
[0.538s] writing entry points to ../../build/motor_driver/motor_driver.egg-info/entry_points.txt
[0.538s] writing requirements to ../../build/motor_driver/motor_driver.egg-info/requires.txt
[0.538s] writing top-level names to ../../build/motor_driver/motor_driver.egg-info/top_level.txt
[0.538s] reading manifest file '../../build/motor_driver/motor_driver.egg-info/SOURCES.txt'
[0.539s] writing manifest file '../../build/motor_driver/motor_driver.egg-info/SOURCES.txt'
[0.539s] running build
[0.540s] running build_py
[0.540s] copying motor_driver/motor_driver_node.py -> /home/gardentech/Arduino_python_serial/Drive_ws/build/motor_driver/build/lib/motor_driver
[0.540s] running install
[0.540s] running install_lib
[0.540s] copying /home/gardentech/Arduino_python_serial/Drive_ws/build/motor_driver/build/lib/motor_driver/motor_driver_node.py -> /home/gardentech/Arduino_python_serial/Drive_ws/install/motor_driver/lib/python3.10/site-packages/motor_driver
[0.540s] byte-compiling /home/gardentech/Arduino_python_serial/Drive_ws/install/motor_driver/lib/python3.10/site-packages/motor_driver/motor_driver_node.py to motor_driver_node.cpython-310.pyc
[0.542s] running install_data
[0.542s] running install_egg_info
[0.543s] removing '/home/gardentech/Arduino_python_serial/Drive_ws/install/motor_driver/lib/python3.10/site-packages/motor_driver-0.1.0-py3.10.egg-info' (and everything under it)
[0.543s] Copying ../../build/motor_driver/motor_driver.egg-info to /home/gardentech/Arduino_python_serial/Drive_ws/install/motor_driver/lib/python3.10/site-packages/motor_driver-0.1.0-py3.10.egg-info
[0.543s] running install_scripts
[0.557s] Installing motor_driver_node script to /home/gardentech/Arduino_python_serial/Drive_ws/install/motor_driver/lib/motor_driver
[0.557s] writing list of installed files to '/home/gardentech/Arduino_python_serial/Drive_ws/build/motor_driver/install.log'
[0.570s] Invoked command in '/home/gardentech/Arduino_python_serial/Drive_ws/src/motor_driver' returned '0': PYTHONPATH=/home/gardentech/Arduino_python_serial/Drive_ws/build/motor_driver/prefix_override:/usr/lib/python3/dist-packages/colcon_core/task/python/colcon_distutils_commands:/home/gardentech/Arduino_python_serial/Drive_ws/install/motor_driver/lib/python3.10/site-packages:${PYTHONPATH} /usr/bin/python3 -W ignore:setup.py install is deprecated -W ignore:easy_install command is deprecated setup.py egg_info --egg-base ../../build/motor_driver build --build-base /home/gardentech/Arduino_python_serial/Drive_ws/build/motor_driver/build install --record /home/gardentech/Arduino_python_serial/Drive_ws/build/motor_driver/install.log --single-version-externally-managed install_data
