running egg_info
writing ../../build/gunsan_drive/gunsan_drive.egg-info/PKG-INFO
writing dependency_links to ../../build/gunsan_drive/gunsan_drive.egg-info/dependency_links.txt
writing entry points to ../../build/gunsan_drive/gunsan_drive.egg-info/entry_points.txt
writing requirements to ../../build/gunsan_drive/gunsan_drive.egg-info/requires.txt
writing top-level names to ../../build/gunsan_drive/gunsan_drive.egg-info/top_level.txt
reading manifest file '../../build/gunsan_drive/gunsan_drive.egg-info/SOURCES.txt'
writing manifest file '../../build/gunsan_drive/gunsan_drive.egg-info/SOURCES.txt'
running build
running build_py
running install
running install_lib
running install_data
copying launch/motor_test.launch.py -> /home/gardentech/Gunsan_ws/install/gunsan_drive/share/gunsan_drive/launch
running install_egg_info
removing '/home/gardentech/Gunsan_ws/install/gunsan_drive/lib/python3.10/site-packages/gunsan_drive-0.1.0-py3.10.egg-info' (and everything under it)
Copying ../../build/gunsan_drive/gunsan_drive.egg-info to /home/gardentech/Gunsan_ws/install/gunsan_drive/lib/python3.10/site-packages/gunsan_drive-0.1.0-py3.10.egg-info
running install_scripts
Installing lane_detector script to /home/gardentech/Gunsan_ws/install/gunsan_drive/lib/gunsan_drive
Installing steering_controller script to /home/gardentech/Gunsan_ws/install/gunsan_drive/lib/gunsan_drive
writing list of installed files to '/home/gardentech/Gunsan_ws/build/gunsan_drive/install.log'
